// Jest Snapshot v1, https://goo.gl/fbAQLP

exports[`LoginScreen renders correctly 1`] = `
<View
  style={
    {
      "backgroundColor": "#fafafa",
      "flex": 1,
    }
  }
>
  <View
    style={
      {
        "alignItems": "center",
        "backgroundColor": "#556ebe",
        "flexDirection": "row",
        "justifyContent": "space-between",
        "padding": 16,
      }
    }
  >
    <Text
      style={
        {
          "color": "#FFFFFF",
          "fontFamily": "Zain",
          "fontSize": 34,
          "fontWeight": "bold",
        }
      }
    >
      UC Social Den
    </Text>
  </View>
  <View
    style={
      {
        "alignItems": "center",
        "backgroundColor": "#fafafa",
        "flex": 1,
      }
    }
  >
    <Text
      style={
        {
          "color": "#556ebe",
          "fontFamily": "Zain",
          "fontSize": 32,
          "fontWeight": "bold",
          "marginBottom": 30,
          "marginTop": 200,
        }
      }
    >
      Welcome to UC Social Den
    </Text>
    <ActivityIndicator
      color="#007AFF"
      size="large"
    />
  </View>
</View>
`;
